
Allocating common symbols
Common symbol       size              file

cpu_ms_loopcnt      0x4               ./super/super_clock.o
debugger_buffer     0x100             ./../mem_printk.o
saved_context       0xa0              ./../mem_cpu.o

Memory Configuration

Name             Origin             Length             Attributes
*default*        0x00000000         0xffffffff

Linker script and memory map

                0x00000000                __resume1_start = .

.text           0x00000000     0x6a98
 ./super/resume/resume1.o(.text)
 .text          0x00000000      0x24c ./super/resume/resume1.o
                0x00000000                main
 *(.text)
 .text          0x0000024c       0x78 ./super/common.o
                0x0000024c                mem_memcpy
 .text          0x000002c4     0x1170 ./super/super_twi.o
                0x00000444                mem_twi_init
                0x00000540                mem_twi_exit
                0x00000724                setup_twi_env
                0x000007ac                twi_byte_rw
                0x00000e90                twi_byte_rw_nommu
 .text          0x00001434      0x490 ./super/super_clock.o
                0x00001434                mem_clk_plldisable
                0x000014c0                mem_clk_pllenable
                0x0000154c                mem_clk_setdiv
                0x00001608                mem_clk_getdiv
                0x000016c4                mem_clk_set_pll_factor
                0x00001774                mem_clk_get_pll_factor
                0x00001814                mem_clk_dramgating
                0x0000186c                mem_clk_dramgating_nommu
 .text          0x000018c4      0xca8 ./super/super_power.o
                0x000019a8                mem_set_voltage
                0x00001c18                mem_get_voltage
                0x00001d24                mem_power_init
                0x000020d8                mem_power_exit
                0x0000239c                mem_power_off
                0x00002484                mem_power_off_nommu
 .text          0x0000256c       0x4c ./super/super_tmr.o
                0x0000256c                mem_tmr_disable_watchdog
 .text          0x000025b8      0x744 ./dram/dram.o
                0x000025b8                mctl_precharge_all
                0x00002624                DRAMC_enter_selfrefresh
                0x00002708                mctl_mode_exit
                0x00002774                DRAMC_exit_selfrefresh
                0x00002840                DRAMC_enter_power_down
                0x000028ac                DRAMC_exit_power_down
                0x000028bc                DRAMC_hostport_on_off
                0x00002948                DRAMC_hostport_check_ahb_fifo_status
                0x0000299c                DRAMC_hostport_setup
                0x00002a74                mctl_ahb_reset
                0x00002b90                dram_power_save_process
                0x00002c34                dram_enter_selfrefresh
                0x00002c44                dram_exit_selfrefresh
                0x00002c54                dram_enter_power_down
                0x00002c64                dram_exit_power_down
                0x00002c74                dram_hostport_on_off
                0x00002c9c                dram_hostport_check_ahb_fifo_status
                0x00002cc4                dram_hostport_setup
 .text          0x00002cfc     0x12a8 ./dram/dram_init.o
                0x00002cfc                mctl_ddr3_reset
                0x00002d70                mctl_set_drive
                0x00002ddc                mctl_itm_disable
                0x00002e34                mctl_itm_enable
                0x00002e80                mctl_enable_dll0
                0x00002f3c                mctl_enable_dllx
                0x00003140                mctl_disable_dll
                0x00003270                mctl_configure_hostport
                0x00003360                mctl_setup_dram_clock
                0x000034d4                DRAMC_init
                0x00003ba8                DRAMC_scan_readpipe
                0x00003c64                DRAMC_clock_output_en
                0x00003cc8                DRAMC_set_autorefresh_cycle
                0x00003d48                DRAMC_get_dram_size
                0x00003e68                dram_init
                0x00003e84                save_mem_status
                0x00003ea0                init_DRAM
                0x00003f04                dram_exit
                0x00003f20                dram_get_size
                0x00003f38                dram_set_clock
                0x00003f5c                dram_set_drive
                0x00003f6c                dram_set_autorefresh_cycle
                0x00003f8c                dram_scan_readpipe
 .text          0x00003fa4       0x28 ./../mem_delay.o
                0x00003fa4                mem_delay
 .text          0x00003fcc      0x54c ./../mem_cpu.o
                0x00003fcc                __save_processor_state
                0x00004174                __restore_processor_state
                0x000042b8                disable_cache_invalidate
                0x00004308                set_copro_default
                0x00004490                save_processor_state
                0x000044a8                restore_processor_state
                0x000044c0                restore_processor_ttbr0
                0x000044e4                set_ttbr0
 *fill*         0x00004518        0x8 00
 .text          0x00004520      0x140 ./../mem_mmu_pc.o
                0x00004520                save_mmu_state
                0x000045a8                restore_mmu_state
 .text          0x00004660      0x460 ./../mem_mmu_pc_asm.o
                0x00004660                save_sp
                0x0000466c                save_sp_nommu
                0x00004678                restore_sp
                0x00004680                get_sp
                0x00004690                invalidate_dcache
                0x00004724                invalidate_icache
                0x0000473c                flush_dcache
                0x000047d8                flush_icache
                0x000047fc                disable_cache
                0x0000481c                disable_dcache
                0x00004838                disable_icache
                0x00004854                disable_l2cache
                0x00004870                enable_cache
                0x00004890                enable_icache
                0x000048ac                invalidate_branch_predictor
                0x000048c4                disable_program_flow_prediction
                0x000048e0                enable_program_flow_prediction
                0x000048fc                mem_flush_tlb
                0x00004920                mem_preload_tlb
                0x000049ac                disable_mmu
                0x000049d4                enable_mmu
                0x00004a14                jump_to_suspend
                0x00004a30                jump_to_resume
                0x00004a50                jump_to_resume0
                0x00004a60                mem_preload_tlb_nommu
 .text          0x00004ac0      0x4a8 ./../mem_serial.o
                0x00004ac0                serial_init_nommu
                0x00004ba8                serial_puts_nommu
                0x00004bcc                serial_gets_nommu
                0x00004c50                serial_init
                0x00004e7c                serial_puts
                0x00004ee4                serial_gets
 .text          0x00004f68      0xfbc ./../mem_printk.o
                0x00004f68                strlen
                0x00004fbc                strcpy
                0x00005038                strncpy
                0x000050c0                strcat
                0x0000515c                strncat
                0x00005230                strcmp
                0x000052d0                strncmp
                0x00005420                itoa
                0x000055e0                utoa
                0x00005754                printk
                0x00005af8                print_align
                0x00005b80                printk_nommu
 .text          0x00005f24      0x328 ./../pm_debug.o
                0x00005f24                busy_waiting
                0x00005f54                fake_busy_waiting
                0x00005f84                standby_dram_crc
                0x00006118                io_init
                0x00006140                io_init_high
                0x00006184                io_init_low
                0x000061c8                io_high
 .text          0x0000624c      0x5a8 ./../mem_timing.o
                0x0000624c                init_perfcounters
                0x000062dc                backup_perfcounter
                0x00006310                restore_perfcounter
                0x00006344                get_cyclecount
                0x0000636c                reset_counter
                0x000063a8                change_runtime_env
                0x0000653c                delay_us
                0x00006614                delay_ms
                0x000066c8                init_event_counter
                0x00006758                set_event_counter
                0x0000679c                get_event_counter
 .text          0x000067f4       0xfc ./../mem_divlibc.o
                0x000067f4                __div0
                0x0000680c                raw_lib_udiv
 .text          0x000068f0      0x1a8 ./../mem_divlib.o
                0x000068f0                Ldiv0
                0x00006900                __aeabi_uidiv
                0x0000699c                __aeabi_idiv
                0x00006a68                __aeabi_uidivmod
                0x00006a80                __aeabi_idivmod

.glue_7         0x00006a98        0x0
 .glue_7        0x00000000        0x0 linker stubs

.glue_7t        0x00006a98        0x0
 .glue_7t       0x00000000        0x0 linker stubs

.vfp11_veneer   0x00006a98        0x0
 .vfp11_veneer  0x00000000        0x0 linker stubs

.v4_bx          0x00006a98        0x0
 .v4_bx         0x00000000        0x0 linker stubs

.iplt           0x00006a98        0x0
 .iplt          0x00000000        0x0 ./super/resume/resume1.o

.rodata         0x00006a98      0x130
 *(.rodata)
 .rodata        0x00006a98       0x34 ./super/resume/resume1.o
 .rodata        0x00006acc       0x6c ./super/super_twi.o
 .rodata        0x00006b38       0x14 ./super/super_power.o
 .rodata        0x00006b4c       0x28 ./../mem_printk.o
 .rodata        0x00006b74       0x38 ./../pm_debug.o
 .rodata        0x00006bac       0x1c ./../mem_divlibc.o

.rel.dyn        0x00006bc8        0x0
 .rel.iplt      0x00000000        0x0 ./super/resume/resume1.o

.data           0x00006bc8      0x218
 *(.data)
 .data          0x00006bc8        0x4 ./super/resume/resume1.o
 .data          0x00006bcc        0x0 ./super/common.o
 .data          0x00006bcc        0xc ./super/super_twi.o
 .data          0x00006bd8        0x0 ./super/super_clock.o
 .data          0x00006bd8       0xe8 ./super/super_power.o
 .data          0x00006cc0        0x0 ./super/super_tmr.o
 .data          0x00006cc0        0x0 ./dram/dram.o
 .data          0x00006cc0       0x80 ./dram/dram_init.o
                0x00006cc0                hpcr_value
 .data          0x00006d40        0x0 ./../mem_delay.o
 .data          0x00006d40       0xa0 ./../mem_cpu.o
 .data          0x00006de0        0x0 ./../mem_mmu_pc.o
 .data          0x00006de0        0x0 ./../mem_mmu_pc_asm.o
 .data          0x00006de0        0x0 ./../mem_serial.o
 .data          0x00006de0        0x0 ./../mem_printk.o
 .data          0x00006de0        0x0 ./../pm_debug.o
 .data          0x00006de0        0x0 ./../mem_timing.o
 .data          0x00006de0        0x0 ./../mem_divlibc.o
 .data          0x00006de0        0x0 ./../mem_divlib.o
                0x00006de0                __bss_start = .

.igot.plt       0x00006de0        0x0
 .igot.plt      0x00000000        0x0 ./super/resume/resume1.o

.bss            0x00006de0      0x2b0
 *(.sbss)
 *(.scommon)
 *(.bss)
 .bss           0x00006de0       0xec ./super/resume/resume1.o
 .bss           0x00006ecc        0x0 ./super/common.o
 .bss           0x00006ecc        0xc ./super/super_twi.o
 .bss           0x00006ed8        0x0 ./super/super_clock.o
 .bss           0x00006ed8        0x0 ./super/super_power.o
 .bss           0x00006ed8        0x0 ./super/super_tmr.o
 .bss           0x00006ed8        0x0 ./dram/dram.o
 .bss           0x00006ed8        0x0 ./dram/dram_init.o
 .bss           0x00006ed8        0x0 ./../mem_delay.o
 .bss           0x00006ed8        0x0 ./../mem_cpu.o
 .bss           0x00006ed8        0x0 ./../mem_mmu_pc.o
 .bss           0x00006ed8        0x0 ./../mem_mmu_pc_asm.o
 .bss           0x00006ed8        0x0 ./../mem_serial.o
 .bss           0x00006ed8        0x0 ./../mem_printk.o
 .bss           0x00006ed8        0x4 ./../pm_debug.o
                0x00006ed8                print_flag
 .bss           0x00006edc       0x10 ./../mem_timing.o
 .bss           0x00006eec        0x0 ./../mem_divlibc.o
 .bss           0x00006eec        0x0 ./../mem_divlib.o
 *(COMMON)
 COMMON         0x00006eec        0x4 ./super/super_clock.o
                0x00006eec                cpu_ms_loopcnt
 COMMON         0x00006ef0       0xa0 ./../mem_cpu.o
                0x00006ef0                saved_context
 COMMON         0x00006f90      0x100 ./../mem_printk.o
                0x00006f90                debugger_buffer
                0x00007090                __bss_end = .
                0x00007090                __resume1_end = .
LOAD ./super/common.o
LOAD ./super/super_twi.o
LOAD ./super/super_clock.o
LOAD ./super/super_power.o
LOAD ./super/super_tmr.o
LOAD ./super/resume/resume1.o
LOAD ./dram/dram.o
LOAD ./dram/dram_init.o
LOAD ./../mem_delay.o
LOAD ./../mem_cpu.o
LOAD ./../mem_mmu_pc.o
LOAD ./../mem_mmu_pc_asm.o
LOAD ./../mem_serial.o
LOAD ./../mem_printk.o
LOAD ./../pm_debug.o
LOAD ./../mem_timing.o
LOAD ./../mem_divlibc.o
LOAD ./../mem_divlib.o
OUTPUT(resume1.elf elf32-littlearm)

.debug_info     0x00000000     0x9d64
 .debug_info    0x00000000      0x4d4 ./super/resume/resume1.o
 .debug_info    0x000004d4       0xcb ./super/common.o
 .debug_info    0x0000059f     0x26c3 ./super/super_twi.o
 .debug_info    0x00002c62     0x2614 ./super/super_clock.o
 .debug_info    0x00005276      0x3aa ./super/super_power.o
 .debug_info    0x00005620      0x2b9 ./super/super_tmr.o
 .debug_info    0x000058d9      0x4a7 ./dram/dram.o
 .debug_info    0x00005d80      0x674 ./dram/dram_init.o
 .debug_info    0x000063f4       0x80 ./../mem_delay.o
 .debug_info    0x00006474      0x3e8 ./../mem_cpu.o
 .debug_info    0x0000685c      0x145 ./../mem_mmu_pc.o
 .debug_info    0x000069a1       0x85 ./../mem_mmu_pc_asm.o
 .debug_info    0x00006a26      0x2ab ./../mem_serial.o
 .debug_info    0x00006cd1      0x630 ./../mem_printk.o
 .debug_info    0x00007301      0x1e0 ./../pm_debug.o
 .debug_info    0x000074e1     0x2719 ./../mem_timing.o
 .debug_info    0x00009bfa       0xe9 ./../mem_divlibc.o
 .debug_info    0x00009ce3       0x81 ./../mem_divlib.o

.debug_abbrev   0x00000000     0x1155
 .debug_abbrev  0x00000000      0x10e ./super/resume/resume1.o
 .debug_abbrev  0x0000010e       0x7e ./super/common.o
 .debug_abbrev  0x0000018c      0x1fe ./super/super_twi.o
 .debug_abbrev  0x0000038a      0x158 ./super/super_clock.o
 .debug_abbrev  0x000004e2      0x13a ./super/super_power.o
 .debug_abbrev  0x0000061c       0x9b ./super/super_tmr.o
 .debug_abbrev  0x000006b7      0x186 ./dram/dram.o
 .debug_abbrev  0x0000083d      0x187 ./dram/dram_init.o
 .debug_abbrev  0x000009c4       0x14 ./../mem_delay.o
 .debug_abbrev  0x000009d8      0x10c ./../mem_cpu.o
 .debug_abbrev  0x00000ae4       0xa8 ./../mem_mmu_pc.o
 .debug_abbrev  0x00000b8c       0x14 ./../mem_mmu_pc_asm.o
 .debug_abbrev  0x00000ba0      0x112 ./../mem_serial.o
 .debug_abbrev  0x00000cb2      0x178 ./../mem_printk.o
 .debug_abbrev  0x00000e2a       0xc0 ./../pm_debug.o
 .debug_abbrev  0x00000eea      0x1d6 ./../mem_timing.o
 .debug_abbrev  0x000010c0       0x81 ./../mem_divlibc.o
 .debug_abbrev  0x00001141       0x14 ./../mem_divlib.o

.debug_loc      0x00000000     0x1568
 .debug_loc     0x00000000       0x58 ./super/resume/resume1.o
 .debug_loc     0x00000058       0x2c ./super/common.o
 .debug_loc     0x00000084      0x160 ./super/super_twi.o
 .debug_loc     0x000001e4      0x160 ./super/super_clock.o
 .debug_loc     0x00000344      0x160 ./super/super_power.o
 .debug_loc     0x000004a4       0x2c ./super/super_tmr.o
 .debug_loc     0x000004d0      0x344 ./dram/dram.o
 .debug_loc     0x00000814      0x3f4 ./dram/dram_init.o
 .debug_loc     0x00000c08      0x160 ./../mem_cpu.o
 .debug_loc     0x00000d68       0x58 ./../mem_mmu_pc.o
 .debug_loc     0x00000dc0      0x1b8 ./../mem_serial.o
 .debug_loc     0x00000f78      0x254 ./../mem_printk.o
 .debug_loc     0x000011cc      0x134 ./../pm_debug.o
 .debug_loc     0x00001300      0x210 ./../mem_timing.o
 .debug_loc     0x00001510       0x58 ./../mem_divlibc.o

.debug_aranges  0x00000000      0x240
 .debug_aranges
                0x00000000       0x20 ./super/resume/resume1.o
 .debug_aranges
                0x00000020       0x20 ./super/common.o
 .debug_aranges
                0x00000040       0x20 ./super/super_twi.o
 .debug_aranges
                0x00000060       0x20 ./super/super_clock.o
 .debug_aranges
                0x00000080       0x20 ./super/super_power.o
 .debug_aranges
                0x000000a0       0x20 ./super/super_tmr.o
 .debug_aranges
                0x000000c0       0x20 ./dram/dram.o
 .debug_aranges
                0x000000e0       0x20 ./dram/dram_init.o
 .debug_aranges
                0x00000100       0x20 ./../mem_delay.o
 .debug_aranges
                0x00000120       0x20 ./../mem_cpu.o
 .debug_aranges
                0x00000140       0x20 ./../mem_mmu_pc.o
 .debug_aranges
                0x00000160       0x20 ./../mem_mmu_pc_asm.o
 .debug_aranges
                0x00000180       0x20 ./../mem_serial.o
 .debug_aranges
                0x000001a0       0x20 ./../mem_printk.o
 .debug_aranges
                0x000001c0       0x20 ./../pm_debug.o
 .debug_aranges
                0x000001e0       0x20 ./../mem_timing.o
 .debug_aranges
                0x00000200       0x20 ./../mem_divlibc.o
 .debug_aranges
                0x00000220       0x20 ./../mem_divlib.o

.debug_line     0x00000000     0x13c9
 .debug_line    0x00000000       0xdc ./super/resume/resume1.o
 .debug_line    0x000000dc       0x56 ./super/common.o
 .debug_line    0x00000132      0x2c3 ./super/super_twi.o
 .debug_line    0x000003f5      0x113 ./super/super_clock.o
 .debug_line    0x00000508      0x167 ./super/super_power.o
 .debug_line    0x0000066f       0x70 ./super/super_tmr.o
 .debug_line    0x000006df      0x12e ./dram/dram.o
 .debug_line    0x0000080d      0x244 ./dram/dram_init.o
 .debug_line    0x00000a51       0x49 ./../mem_delay.o
 .debug_line    0x00000a9a       0xec ./../mem_cpu.o
 .debug_line    0x00000b86       0x7a ./../mem_mmu_pc.o
 .debug_line    0x00000c00      0x15e ./../mem_mmu_pc_asm.o
 .debug_line    0x00000d5e       0xe7 ./../mem_serial.o
 .debug_line    0x00000e45      0x2a2 ./../mem_printk.o
 .debug_line    0x000010e7       0xb0 ./../pm_debug.o
 .debug_line    0x00001197      0x148 ./../mem_timing.o
 .debug_line    0x000012df       0x69 ./../mem_divlibc.o
 .debug_line    0x00001348       0x81 ./../mem_divlib.o

.debug_str      0x00000000     0x2288
 .debug_str     0x00000000      0x405 ./super/resume/resume1.o
                                0x449 (size before relaxing)
 .debug_str     0x00000405       0x2c ./super/common.o
                                0x10a (size before relaxing)
 .debug_str     0x00000431     0x1174 ./super/super_twi.o
                               0x12df (size before relaxing)
 .debug_str     0x000015a5       0xc8 ./super/super_clock.o
                               0x1269 (size before relaxing)
 .debug_str     0x0000166d       0xf5 ./super/super_power.o
                                0x290 (size before relaxing)
 .debug_str     0x00001762      0x136 ./super/super_tmr.o
                                0x260 (size before relaxing)
 .debug_str     0x00001898      0x20e ./dram/dram.o
                                0x326 (size before relaxing)
 .debug_str     0x00001aa6      0x204 ./dram/dram_init.o
                                0x42a (size before relaxing)
 .debug_str     0x00001caa      0x14d ./../mem_cpu.o
                                0x286 (size before relaxing)
 .debug_str     0x00001df7       0x33 ./../mem_mmu_pc.o
                                0x154 (size before relaxing)
 .debug_str     0x00001e2a       0xc3 ./../mem_serial.o
                                0x1b4 (size before relaxing)
 .debug_str     0x00001eed       0xf0 ./../mem_printk.o
                                0x1f5 (size before relaxing)
 .debug_str     0x00001fdd       0x82 ./../pm_debug.o
                                0x173 (size before relaxing)
 .debug_str     0x0000205f      0x1e1 ./../mem_timing.o
                               0x1345 (size before relaxing)
 .debug_str     0x00002240       0x48 ./../mem_divlibc.o
                                0x12e (size before relaxing)

.comment        0x00000000       0x64
 .comment       0x00000000       0x64 ./super/resume/resume1.o
                                 0x65 (size before relaxing)
 .comment       0x00000000       0x65 ./super/common.o
 .comment       0x00000000       0x65 ./super/super_twi.o
 .comment       0x00000000       0x65 ./super/super_clock.o
 .comment       0x00000000       0x65 ./super/super_power.o
 .comment       0x00000000       0x65 ./super/super_tmr.o
 .comment       0x00000000       0x65 ./dram/dram.o
 .comment       0x00000000       0x65 ./dram/dram_init.o
 .comment       0x00000000       0x65 ./../mem_cpu.o
 .comment       0x00000000       0x65 ./../mem_mmu_pc.o
 .comment       0x00000000       0x65 ./../mem_serial.o
 .comment       0x00000000       0x65 ./../mem_printk.o
 .comment       0x00000000       0x65 ./../pm_debug.o
 .comment       0x00000000       0x65 ./../mem_timing.o
 .comment       0x00000000       0x65 ./../mem_divlibc.o

.note.GNU-stack
                0x00000000        0x0
 .note.GNU-stack
                0x00000000        0x0 ./super/resume/resume1.o
 .note.GNU-stack
                0x00000000        0x0 ./super/common.o
 .note.GNU-stack
                0x00000000        0x0 ./super/super_twi.o
 .note.GNU-stack
                0x00000000        0x0 ./super/super_clock.o
 .note.GNU-stack
                0x00000000        0x0 ./super/super_power.o
 .note.GNU-stack
                0x00000000        0x0 ./super/super_tmr.o
 .note.GNU-stack
                0x00000000        0x0 ./dram/dram.o
 .note.GNU-stack
                0x00000000        0x0 ./dram/dram_init.o
 .note.GNU-stack
                0x00000000        0x0 ./../mem_cpu.o
 .note.GNU-stack
                0x00000000        0x0 ./../mem_mmu_pc.o
 .note.GNU-stack
                0x00000000        0x0 ./../mem_serial.o
 .note.GNU-stack
                0x00000000        0x0 ./../mem_printk.o
 .note.GNU-stack
                0x00000000        0x0 ./../pm_debug.o
 .note.GNU-stack
                0x00000000        0x0 ./../mem_timing.o
 .note.GNU-stack
                0x00000000        0x0 ./../mem_divlibc.o

.ARM.attributes
                0x00000000       0x33
 .ARM.attributes
                0x00000000       0x35 ./super/resume/resume1.o
 .ARM.attributes
                0x00000035       0x35 ./super/common.o
 .ARM.attributes
                0x0000006a       0x35 ./super/super_twi.o
 .ARM.attributes
                0x0000009f       0x35 ./super/super_clock.o
 .ARM.attributes
                0x000000d4       0x35 ./super/super_power.o
 .ARM.attributes
                0x00000109       0x35 ./super/super_tmr.o
 .ARM.attributes
                0x0000013e       0x35 ./dram/dram.o
 .ARM.attributes
                0x00000173       0x35 ./dram/dram_init.o
 .ARM.attributes
                0x000001a8       0x21 ./../mem_delay.o
 .ARM.attributes
                0x000001c9       0x35 ./../mem_cpu.o
 .ARM.attributes
                0x000001fe       0x35 ./../mem_mmu_pc.o
 .ARM.attributes
                0x00000233       0x21 ./../mem_mmu_pc_asm.o
 .ARM.attributes
                0x00000254       0x35 ./../mem_serial.o
 .ARM.attributes
                0x00000289       0x35 ./../mem_printk.o
 .ARM.attributes
                0x000002be       0x35 ./../pm_debug.o
 .ARM.attributes
                0x000002f3       0x35 ./../mem_timing.o
 .ARM.attributes
                0x00000328       0x35 ./../mem_divlibc.o
 .ARM.attributes
                0x0000035d       0x21 ./../mem_divlib.o

.debug_frame    0x00000000      0xd9c
 .debug_frame   0x00000000       0x48 ./super/resume/resume1.o
 .debug_frame   0x00000048       0x28 ./super/common.o
 .debug_frame   0x00000070       0xdc ./super/super_twi.o
 .debug_frame   0x0000014c       0xd0 ./super/super_clock.o
 .debug_frame   0x0000021c       0xe8 ./super/super_power.o
 .debug_frame   0x00000304       0x28 ./super/super_tmr.o
 .debug_frame   0x0000032c      0x214 ./dram/dram.o
 .debug_frame   0x00000540      0x264 ./dram/dram_init.o
 .debug_frame   0x000007a4       0xdc ./../mem_cpu.o
 .debug_frame   0x00000880       0x40 ./../mem_mmu_pc.o
 .debug_frame   0x000008c0      0x10c ./../mem_serial.o
 .debug_frame   0x000009cc      0x180 ./../mem_printk.o
 .debug_frame   0x00000b4c       0xc0 ./../pm_debug.o
 .debug_frame   0x00000c0c      0x14c ./../mem_timing.o
 .debug_frame   0x00000d58       0x44 ./../mem_divlibc.o
