
Allocating common symbols
Common symbol       size              file

sysclk_bak          0x4               standby_clock.o
cpu_ms_loopcnt      0x4               standby_clock.o
debugger_buffer     0x100             ./../mem_printk.o
IR_reg_bak          0x38              standby_ir.o
pm_info             0x6c              standby.o
IR_reg              0x4               standby_ir.o
ir_buffer           0x84              standby.o

Memory Configuration

Name             Origin             Length             Attributes
*default*        0x00000000         0xffffffff

Linker script and memory map

                0x00000000                __standby_start = .

.text           0xf0000000     0x728c
 standby.o(.text.startup)
 *(.text)
 .text          0xf0000000      0x6b4 standby.o
                0xf0000000                main
 .text          0xf00006b4       0xcc common.o
                0xf00006b4                standby_memcpy
                0xf000074c                standby_mdelay
 .text          0xf0000780      0xb64 standby_clock.o
                0xf0000780                standby_clk_init
                0xf000089c                standby_clk_exit
                0xf0000978                standby_clk_core2losc
                0xf00009bc                standby_clk_core2hosc
                0xf0000a04                standby_clk_core2pll
                0xf0000a4c                standby_clk_plldisable
                0xf0000b10                standby_clk_pllenable
                0xf0000bd4                standby_clk_hoscdisable
                0xf0000c08                standby_clk_hoscenable
                0xf0000c3c                standby_clk_ldodisable
                0xf0000cb0                standby_clk_ldoenable
                0xf0000d24                standby_clk_setdiv
                0xf0000dec                standby_clk_getdiv
                0xf0000eb4                standby_clk_set_pll_factor
                0xf0000f8c                standby_clk_get_pll_factor
                0xf0001054                standby_clk_dramgating
                0xf00010b0                standby_clk_apb2losc
                0xf00010e8                standby_clk_apb2hosc
                0xf000111c                standby_clk_apbinit
                0xf000119c                standby_clk_apbexit
                0xf000123c                standby_clk_ahb_2pll
                0xf000129c                standby_clk_ahb_restore
 .text          0xf00012e4      0x36c standby_ir.o
                0xf00012e4                standby_ir_init
                0xf00014f8                standby_ir_exit
                0xf0001618                standby_ir_detect
                0xf0001634                standby_ir_verify
 .text          0xf0001650      0x160 standby_key.o
                0xf0001650                standby_key_init
                0xf0001708                standby_key_exit
                0xf000175c                standby_query_key
 .text          0xf00017b0      0x94c standby_power.o
                0xf00017b0                standby_power_init
                0xf0001a40                standby_power_exit
                0xf0001dc4                standby_set_voltage
                0xf0002004                standby_get_voltage
 .text          0xf00020fc      0x4c8 standby_tmr.o
                0xf00020fc                standby_tmr_init
                0xf0002248                standby_tmr_exit
                0xf0002328                standby_tmr_set
                0xf00023fc                standby_tmr_enable_watchdog
                0xf0002448                standby_tmr_disable_watchdog
                0xf00024a4                standby_tmr_query
                0xf0002518                standby_tmr_mdlay
 .text          0xf00025c4      0x8c0 standby_twi.o
                0xf00025c4                standby_twi_init
                0xf000269c                standby_twi_exit
                0xf00028a8                twi_byte_rw
 .text          0xf0002e84       0x78 standby_usb.o
                0xf0002e84                standby_usb_init
                0xf0002ea0                standby_usb_exit
                0xf0002ebc                standby_is_usb_status_change
                0xf0002ee0                standby_query_usb_event
 .text          0xf0002efc       0x34 standby_delay.o
                0xf0002efc                standby_delay
                0xf0002f24                standby_delay_cycle
 .text          0xf0002f30      0x770 dram/dram.o
                0xf0002f30                mctl_precharge_all
                0xf0002f9c                DRAMC_enter_selfrefresh
                0xf00030ac                mctl_mode_exit
                0xf0003118                DRAMC_exit_selfrefresh
                0xf00031e4                DRAMC_enter_power_down
                0xf0003250                DRAMC_exit_power_down
                0xf0003260                DRAMC_hostport_on_off
                0xf00032ec                DRAMC_hostport_check_ahb_fifo_status
                0xf0003340                DRAMC_hostport_setup
                0xf0003418                mctl_ahb_reset
                0xf0003534                dram_power_save_process
                0xf00035d8                dram_enter_selfrefresh
                0xf00035e8                dram_exit_selfrefresh
                0xf00035f8                dram_enter_power_down
                0xf0003608                dram_exit_power_down
                0xf0003618                dram_hostport_on_off
                0xf0003640                dram_hostport_check_ahb_fifo_status
                0xf0003668                dram_hostport_setup
 .text          0xf00036a0     0x1300 dram/dram_init.o
                0xf00036a0                mctl_ddr3_reset
                0xf0003714                mctl_set_drive
                0xf0003780                mctl_itm_disable
                0xf00037d8                mctl_itm_enable
                0xf0003824                mctl_enable_dll0
                0xf00038e0                mctl_enable_dllx
                0xf0003ae4                mctl_disable_dll
                0xf0003c14                mctl_configure_hostport
                0xf0003d04                mctl_setup_dram_clock
                0xf0003e78                DRAMC_init
                0xf00045a4                DRAMC_scan_readpipe
                0xf0004660                DRAMC_clock_output_en
                0xf00046c4                DRAMC_set_autorefresh_cycle
                0xf0004744                DRAMC_get_dram_size
                0xf0004864                dram_init
                0xf0004880                save_mem_status
                0xf000489c                init_DRAM
                0xf0004900                dram_exit
                0xf000491c                dram_get_size
                0xf0004934                dram_set_clock
                0xf0004958                dram_set_drive
                0xf0004968                dram_set_autorefresh_cycle
                0xf0004988                dram_scan_readpipe
 .text          0xf00049a0       0x28 ./../mem_delay.o
                0xf00049a0                mem_delay
 .text          0xf00049c8      0x328 ./../pm_debug.o
                0xf00049c8                busy_waiting
                0xf00049f8                fake_busy_waiting
                0xf0004a28                standby_dram_crc
                0xf0004bbc                io_init
                0xf0004be4                io_init_high
                0xf0004c28                io_init_low
                0xf0004c6c                io_high
 *fill*         0xf0004cf0       0x10 00
 .text          0xf0004d00      0x460 ./../mem_mmu_pc_asm.o
                0xf0004d00                save_sp
                0xf0004d0c                save_sp_nommu
                0xf0004d18                restore_sp
                0xf0004d20                get_sp
                0xf0004d30                invalidate_dcache
                0xf0004dc4                invalidate_icache
                0xf0004ddc                flush_dcache
                0xf0004e78                flush_icache
                0xf0004e9c                disable_cache
                0xf0004ebc                disable_dcache
                0xf0004ed8                disable_icache
                0xf0004ef4                disable_l2cache
                0xf0004f10                enable_cache
                0xf0004f30                enable_icache
                0xf0004f4c                invalidate_branch_predictor
                0xf0004f64                disable_program_flow_prediction
                0xf0004f80                enable_program_flow_prediction
                0xf0004f9c                mem_flush_tlb
                0xf0004fc0                mem_preload_tlb
                0xf000504c                disable_mmu
                0xf0005074                enable_mmu
                0xf00050b4                jump_to_suspend
                0xf00050d0                jump_to_resume
                0xf00050f0                jump_to_resume0
                0xf0005100                mem_preload_tlb_nommu
 .text          0xf0005160      0x4a8 ./../mem_serial.o
                0xf0005160                serial_init_nommu
                0xf0005248                serial_puts_nommu
                0xf000526c                serial_gets_nommu
                0xf00052f0                serial_init
                0xf000551c                serial_puts
                0xf0005584                serial_gets
 .text          0xf0005608      0xfd8 ./../mem_printk.o
                0xf0005608                strlen
                0xf000565c                strcpy
                0xf00056d8                strncpy
                0xf0005760                strcat
                0xf00057fc                strncat
                0xf00058d0                strcmp
                0xf0005970                strncmp
                0xf0005ac0                itoa
                0xf0005c80                utoa
                0xf0005df4                printk
                0xf00061b4                print_align
                0xf000623c                printk_nommu
 .text          0xf00065e0       0xfc ./../mem_divlibc.o
                0xf00065e0                __div0
                0xf00065f8                raw_lib_udiv
 .text          0xf00066dc      0x2d8 ./../mem_int.o
                0xf00066dc                mem_int_init
                0xf00067cc                mem_int_exit
                0xf0006884                mem_enable_int
                0xf0006918                mem_query_int
 .text          0xf00069b4      0x5a8 ./../mem_timing.o
                0xf00069b4                init_perfcounters
                0xf0006a44                backup_perfcounter
                0xf0006a78                restore_perfcounter
                0xf0006aac                get_cyclecount
                0xf0006ad4                reset_counter
                0xf0006b10                change_runtime_env
                0xf0006ca4                delay_us
                0xf0006d7c                delay_ms
                0xf0006e30                init_event_counter
                0xf0006ec0                set_event_counter
                0xf0006f04                get_event_counter
 .text          0xf0006f5c      0x1a8 ./../mem_divlib.o
                0xf0006f5c                Ldiv0
                0xf0006f6c                __aeabi_uidiv
                0xf0007008                __aeabi_idiv
                0xf00070d4                __aeabi_uidivmod
                0xf00070ec                __aeabi_idivmod
 *(.rodata)
 .rodata        0xf0007104       0xdc standby.o
 .rodata        0xf00071e0       0x14 standby_clock.o
 .rodata        0xf00071f4       0x38 ./../pm_debug.o
 .rodata        0xf000722c       0x28 ./../mem_printk.o
 .rodata        0xf0007254       0x1c ./../mem_divlibc.o
 .rodata        0xf0007270       0x1c ./../mem_int.o

.glue_7         0xf000728c        0x0
 .glue_7        0x00000000        0x0 linker stubs

.glue_7t        0xf000728c        0x0
 .glue_7t       0x00000000        0x0 linker stubs

.vfp11_veneer   0xf000728c        0x0
 .vfp11_veneer  0x00000000        0x0 linker stubs

.v4_bx          0xf000728c        0x0
 .v4_bx         0x00000000        0x0 linker stubs

.iplt           0xf000728c        0x0
 .iplt          0x00000000        0x0 standby.o

.rel.dyn        0xf000728c        0x0
 .rel.iplt      0x00000000        0x0 standby.o

.data           0xf000728c      0x174
 *(.data)
 .data          0xf000728c        0x0 standby.o
 .data          0xf000728c        0x0 common.o
 .data          0xf000728c        0x0 standby_clock.o
 .data          0xf000728c        0x0 standby_ir.o
 .data          0xf000728c        0x0 standby_key.o
 .data          0xf000728c       0xe8 standby_power.o
 .data          0xf0007374        0x0 standby_tmr.o
 .data          0xf0007374        0xc standby_twi.o
 .data          0xf0007380        0x0 standby_usb.o
 .data          0xf0007380        0x0 standby_delay.o
 .data          0xf0007380        0x0 dram/dram.o
 .data          0xf0007380       0x80 dram/dram_init.o
                0xf0007380                hpcr_value
 .data          0xf0007400        0x0 ./../mem_delay.o
 .data          0xf0007400        0x0 ./../pm_debug.o
 .data          0xf0007400        0x0 ./../mem_mmu_pc_asm.o
 .data          0xf0007400        0x0 ./../mem_serial.o
 .data          0xf0007400        0x0 ./../mem_printk.o
 .data          0xf0007400        0x0 ./../mem_divlibc.o
 .data          0xf0007400        0x0 ./../mem_int.o
 .data          0xf0007400        0x0 ./../mem_timing.o
 .data          0xf0007400        0x0 ./../mem_divlib.o
                0xf0007400                __bss_start = .

.igot.plt       0xf0007400        0x0
 .igot.plt      0x00000000        0x0 standby.o

.bss            0xf0007400      0x32c
 *(.sbss)
 *(.scommon)
 *(.bss)
 .bss           0xf0007400       0x64 standby.o
 .bss           0xf0007464        0x0 common.o
 .bss           0xf0007464       0x24 standby_clock.o
 .bss           0xf0007488       0x14 standby_ir.o
                0xf0007488                g_dma_cfg
                0xf000748c                g_dma_src
                0xf0007490                g_dma_dst
                0xf0007494                g_dma_byte
                0xf0007498                g_ir_rxint
 .bss           0xf000749c       0x18 standby_key.o
 .bss           0xf00074b4        0x0 standby_power.o
 .bss           0xf00074b4       0x20 standby_tmr.o
 .bss           0xf00074d4        0xc standby_twi.o
 .bss           0xf00074e0        0x0 standby_usb.o
 .bss           0xf00074e0        0x0 standby_delay.o
 .bss           0xf00074e0        0x0 dram/dram.o
 .bss           0xf00074e0        0x0 dram/dram_init.o
 .bss           0xf00074e0        0x0 ./../mem_delay.o
 .bss           0xf00074e0        0x4 ./../pm_debug.o
                0xf00074e0                print_flag
 .bss           0xf00074e4        0x0 ./../mem_mmu_pc_asm.o
 .bss           0xf00074e4        0x0 ./../mem_serial.o
 .bss           0xf00074e4        0x4 ./../mem_printk.o
                0xf00074e4                dram_suspend_flag
 .bss           0xf00074e8        0x0 ./../mem_divlibc.o
 .bss           0xf00074e8        0x0 ./../mem_int.o
 .bss           0xf00074e8       0x10 ./../mem_timing.o
 .bss           0xf00074f8        0x0 ./../mem_divlib.o
 *(COMMON)
 COMMON         0xf00074f8       0xf0 standby.o
                0xf00074f8                pm_info
                0xf0007564                ir_buffer
 COMMON         0xf00075e8        0x8 standby_clock.o
                0xf00075e8                sysclk_bak
                0xf00075ec                cpu_ms_loopcnt
 COMMON         0xf00075f0       0x3c standby_ir.o
                0xf00075f0                IR_reg_bak
                0xf0007628                IR_reg
 COMMON         0xf000762c      0x100 ./../mem_printk.o
                0xf000762c                debugger_buffer
                0xf000772c                __bss_end = .
                0xf000772c                __standby_end = .
LOAD common.o
LOAD standby.o
LOAD standby_clock.o
LOAD standby_ir.o
LOAD standby_key.o
LOAD standby_power.o
LOAD standby_tmr.o
LOAD standby_twi.o
LOAD standby_usb.o
LOAD standby_delay.o
LOAD dram/dram.o
LOAD dram/dram_init.o
LOAD ./../mem_delay.o
LOAD ./../pm_debug.o
LOAD ./../mem_mmu_pc_asm.o
LOAD ./../mem_serial.o
LOAD ./../mem_printk.o
LOAD ./../mem_divlibc.o
LOAD ./../mem_int.o
LOAD ./../mem_timing.o
LOAD ./../mem_divlib.o
OUTPUT(standby.elf elf32-littlearm)

.debug_info     0x00000000     0x809a
 .debug_info    0x00000000      0x5a3 standby.o
 .debug_info    0x000005a3      0x111 common.o
 .debug_info    0x000006b4     0x2759 standby_clock.o
 .debug_info    0x00002e0d      0x399 standby_ir.o
 .debug_info    0x000031a6      0x195 standby_key.o
 .debug_info    0x0000333b      0x349 standby_power.o
 .debug_info    0x00003684      0x453 standby_tmr.o
 .debug_info    0x00003ad7      0x2a3 standby_twi.o
 .debug_info    0x00003d7a       0xf2 standby_usb.o
 .debug_info    0x00003e6c       0x7b standby_delay.o
 .debug_info    0x00003ee7      0x4a2 dram/dram.o
 .debug_info    0x00004389      0x674 dram/dram_init.o
 .debug_info    0x000049fd       0x7c ./../mem_delay.o
 .debug_info    0x00004a79      0x1e0 ./../pm_debug.o
 .debug_info    0x00004c59       0x81 ./../mem_mmu_pc_asm.o
 .debug_info    0x00004cda      0x2ab ./../mem_serial.o
 .debug_info    0x00004f85      0x643 ./../mem_printk.o
 .debug_info    0x000055c8       0xe9 ./../mem_divlibc.o
 .debug_info    0x000056b1      0x253 ./../mem_int.o
 .debug_info    0x00005904     0x2719 ./../mem_timing.o
 .debug_info    0x0000801d       0x7d ./../mem_divlib.o

.debug_abbrev   0x00000000     0x12f5
 .debug_abbrev  0x00000000      0x154 standby.o
 .debug_abbrev  0x00000154       0x9c common.o
 .debug_abbrev  0x000001f0      0x1a6 standby_clock.o
 .debug_abbrev  0x00000396      0x10c standby_ir.o
 .debug_abbrev  0x000004a2       0x8b standby_key.o
 .debug_abbrev  0x0000052d      0x160 standby_power.o
 .debug_abbrev  0x0000068d      0x11b standby_tmr.o
 .debug_abbrev  0x000007a8      0x11f standby_twi.o
 .debug_abbrev  0x000008c7       0x76 standby_usb.o
 .debug_abbrev  0x0000093d       0x14 standby_delay.o
 .debug_abbrev  0x00000951      0x186 dram/dram.o
 .debug_abbrev  0x00000ad7      0x187 dram/dram_init.o
 .debug_abbrev  0x00000c5e       0x14 ./../mem_delay.o
 .debug_abbrev  0x00000c72       0xc0 ./../pm_debug.o
 .debug_abbrev  0x00000d32       0x14 ./../mem_mmu_pc_asm.o
 .debug_abbrev  0x00000d46      0x112 ./../mem_serial.o
 .debug_abbrev  0x00000e58      0x178 ./../mem_printk.o
 .debug_abbrev  0x00000fd0       0x81 ./../mem_divlibc.o
 .debug_abbrev  0x00001051       0xba ./../mem_int.o
 .debug_abbrev  0x0000110b      0x1d6 ./../mem_timing.o
 .debug_abbrev  0x000012e1       0x14 ./../mem_divlib.o

.debug_loc      0x00000000     0x18d8
 .debug_loc     0x00000000       0x58 standby.o
 .debug_loc     0x00000058       0x58 common.o
 .debug_loc     0x000000b0      0x3c8 standby_clock.o
 .debug_loc     0x00000478       0xb0 standby_ir.o
 .debug_loc     0x00000528       0x84 standby_key.o
 .debug_loc     0x000005ac      0x108 standby_power.o
 .debug_loc     0x000006b4      0x134 standby_tmr.o
 .debug_loc     0x000007e8       0xb0 standby_twi.o
 .debug_loc     0x00000898       0xb0 standby_usb.o
 .debug_loc     0x00000948      0x344 dram/dram.o
 .debug_loc     0x00000c8c      0x3f4 dram/dram_init.o
 .debug_loc     0x00001080      0x134 ./../pm_debug.o
 .debug_loc     0x000011b4      0x1b8 ./../mem_serial.o
 .debug_loc     0x0000136c      0x254 ./../mem_printk.o
 .debug_loc     0x000015c0       0x58 ./../mem_divlibc.o
 .debug_loc     0x00001618       0xb0 ./../mem_int.o
 .debug_loc     0x000016c8      0x210 ./../mem_timing.o

.debug_aranges  0x00000000      0x2a0
 .debug_aranges
                0x00000000       0x20 standby.o
 .debug_aranges
                0x00000020       0x20 common.o
 .debug_aranges
                0x00000040       0x20 standby_clock.o
 .debug_aranges
                0x00000060       0x20 standby_ir.o
 .debug_aranges
                0x00000080       0x20 standby_key.o
 .debug_aranges
                0x000000a0       0x20 standby_power.o
 .debug_aranges
                0x000000c0       0x20 standby_tmr.o
 .debug_aranges
                0x000000e0       0x20 standby_twi.o
 .debug_aranges
                0x00000100       0x20 standby_usb.o
 .debug_aranges
                0x00000120       0x20 standby_delay.o
 .debug_aranges
                0x00000140       0x20 dram/dram.o
 .debug_aranges
                0x00000160       0x20 dram/dram_init.o
 .debug_aranges
                0x00000180       0x20 ./../mem_delay.o
 .debug_aranges
                0x000001a0       0x20 ./../pm_debug.o
 .debug_aranges
                0x000001c0       0x20 ./../mem_mmu_pc_asm.o
 .debug_aranges
                0x000001e0       0x20 ./../mem_serial.o
 .debug_aranges
                0x00000200       0x20 ./../mem_printk.o
 .debug_aranges
                0x00000220       0x20 ./../mem_divlibc.o
 .debug_aranges
                0x00000240       0x20 ./../mem_int.o
 .debug_aranges
                0x00000260       0x20 ./../mem_timing.o
 .debug_aranges
                0x00000280       0x20 ./../mem_divlib.o

.debug_line     0x00000000     0x1562
 .debug_line    0x00000000      0x1d4 standby.o
 .debug_line    0x000001d4       0x83 common.o
 .debug_line    0x00000257      0x189 standby_clock.o
 .debug_line    0x000003e0       0xb9 standby_ir.o
 .debug_line    0x00000499       0x78 standby_key.o
 .debug_line    0x00000511      0x11a standby_power.o
 .debug_line    0x0000062b       0xc3 standby_tmr.o
 .debug_line    0x000006ee      0x177 standby_twi.o
 .debug_line    0x00000865       0x5f standby_usb.o
 .debug_line    0x000008c4       0x49 standby_delay.o
 .debug_line    0x0000090d      0x12f dram/dram.o
 .debug_line    0x00000a3c      0x248 dram/dram_init.o
 .debug_line    0x00000c84       0x49 ./../mem_delay.o
 .debug_line    0x00000ccd       0xb0 ./../pm_debug.o
 .debug_line    0x00000d7d      0x15e ./../mem_mmu_pc_asm.o
 .debug_line    0x00000edb       0xe7 ./../mem_serial.o
 .debug_line    0x00000fc2      0x2a0 ./../mem_printk.o
 .debug_line    0x00001262       0x69 ./../mem_divlibc.o
 .debug_line    0x000012cb       0xd2 ./../mem_int.o
 .debug_line    0x0000139d      0x144 ./../mem_timing.o
 .debug_line    0x000014e1       0x81 ./../mem_divlib.o

.debug_str      0x00000000     0x267b
 .debug_str     0x00000000      0x53f standby.o
                                0x5b6 (size before relaxing)
 .debug_str     0x0000053f       0x46 common.o
                                0x138 (size before relaxing)
 .debug_str     0x00000585     0x11a7 standby_clock.o
                               0x13da (size before relaxing)
 .debug_str     0x0000172c      0x151 standby_ir.o
                                0x375 (size before relaxing)
 .debug_str     0x0000187d       0xd2 standby_key.o
                                0x1c0 (size before relaxing)
 .debug_str     0x0000194f       0xfc standby_power.o
                                0x286 (size before relaxing)
 .debug_str     0x00001a4b      0x1eb standby_tmr.o
                                0x335 (size before relaxing)
 .debug_str     0x00001c36      0x11c standby_twi.o
                                0x23c (size before relaxing)
 .debug_str     0x00001d52       0x65 standby_usb.o
                                0x158 (size before relaxing)
 .debug_str     0x00001db7      0x1f4 dram/dram.o
                                0x320 (size before relaxing)
 .debug_str     0x00001fab      0x1f8 dram/dram_init.o
                                0x424 (size before relaxing)
 .debug_str     0x000021a3       0x82 ./../pm_debug.o
                                0x16f (size before relaxing)
 .debug_str     0x00002225       0xc3 ./../mem_serial.o
                                0x1b0 (size before relaxing)
 .debug_str     0x000022e8       0xf0 ./../mem_printk.o
                                0x203 (size before relaxing)
 .debug_str     0x000023d8       0x48 ./../mem_divlibc.o
                                0x12a (size before relaxing)
 .debug_str     0x00002420       0x71 ./../mem_int.o
                                0x263 (size before relaxing)
 .debug_str     0x00002491      0x1ea ./../mem_timing.o
                               0x1341 (size before relaxing)

.comment        0x00000000       0x64
 .comment       0x00000000       0x64 standby.o
                                 0x65 (size before relaxing)
 .comment       0x00000000       0x65 common.o
 .comment       0x00000000       0x65 standby_clock.o
 .comment       0x00000000       0x65 standby_ir.o
 .comment       0x00000000       0x65 standby_key.o
 .comment       0x00000000       0x65 standby_power.o
 .comment       0x00000000       0x65 standby_tmr.o
 .comment       0x00000000       0x65 standby_twi.o
 .comment       0x00000000       0x65 standby_usb.o
 .comment       0x00000000       0x65 dram/dram.o
 .comment       0x00000000       0x65 dram/dram_init.o
 .comment       0x00000000       0x65 ./../pm_debug.o
 .comment       0x00000000       0x65 ./../mem_serial.o
 .comment       0x00000000       0x65 ./../mem_printk.o
 .comment       0x00000000       0x65 ./../mem_divlibc.o
 .comment       0x00000000       0x65 ./../mem_int.o
 .comment       0x00000000       0x65 ./../mem_timing.o

.note.GNU-stack
                0x00000000        0x0
 .note.GNU-stack
                0x00000000        0x0 standby.o
 .note.GNU-stack
                0x00000000        0x0 common.o
 .note.GNU-stack
                0x00000000        0x0 standby_clock.o
 .note.GNU-stack
                0x00000000        0x0 standby_ir.o
 .note.GNU-stack
                0x00000000        0x0 standby_key.o
 .note.GNU-stack
                0x00000000        0x0 standby_power.o
 .note.GNU-stack
                0x00000000        0x0 standby_tmr.o
 .note.GNU-stack
                0x00000000        0x0 standby_twi.o
 .note.GNU-stack
                0x00000000        0x0 standby_usb.o
 .note.GNU-stack
                0x00000000        0x0 dram/dram.o
 .note.GNU-stack
                0x00000000        0x0 dram/dram_init.o
 .note.GNU-stack
                0x00000000        0x0 ./../pm_debug.o
 .note.GNU-stack
                0x00000000        0x0 ./../mem_serial.o
 .note.GNU-stack
                0x00000000        0x0 ./../mem_printk.o
 .note.GNU-stack
                0x00000000        0x0 ./../mem_divlibc.o
 .note.GNU-stack
                0x00000000        0x0 ./../mem_int.o
 .note.GNU-stack
                0x00000000        0x0 ./../mem_timing.o

.ARM.attributes
                0x00000000       0x33
 .ARM.attributes
                0x00000000       0x35 standby.o
 .ARM.attributes
                0x00000035       0x35 common.o
 .ARM.attributes
                0x0000006a       0x35 standby_clock.o
 .ARM.attributes
                0x0000009f       0x35 standby_ir.o
 .ARM.attributes
                0x000000d4       0x35 standby_key.o
 .ARM.attributes
                0x00000109       0x35 standby_power.o
 .ARM.attributes
                0x0000013e       0x35 standby_tmr.o
 .ARM.attributes
                0x00000173       0x35 standby_twi.o
 .ARM.attributes
                0x000001a8       0x35 standby_usb.o
 .ARM.attributes
                0x000001dd       0x21 standby_delay.o
 .ARM.attributes
                0x000001fe       0x35 dram/dram.o
 .ARM.attributes
                0x00000233       0x35 dram/dram_init.o
 .ARM.attributes
                0x00000268       0x21 ./../mem_delay.o
 .ARM.attributes
                0x00000289       0x35 ./../pm_debug.o
 .ARM.attributes
                0x000002be       0x21 ./../mem_mmu_pc_asm.o
 .ARM.attributes
                0x000002df       0x35 ./../mem_serial.o
 .ARM.attributes
                0x00000314       0x35 ./../mem_printk.o
 .ARM.attributes
                0x00000349       0x35 ./../mem_divlibc.o
 .ARM.attributes
                0x0000037e       0x35 ./../mem_int.o
 .ARM.attributes
                0x000003b3       0x35 ./../mem_timing.o
 .ARM.attributes
                0x000003e8       0x21 ./../mem_divlib.o

.debug_frame    0x00000000      0xfa4
 .debug_frame   0x00000000       0x4c standby.o
 .debug_frame   0x0000004c       0x44 common.o
 .debug_frame   0x00000090      0x224 standby_clock.o
 .debug_frame   0x000002b4       0x74 standby_ir.o
 .debug_frame   0x00000328       0x5c standby_key.o
 .debug_frame   0x00000384       0xb0 standby_power.o
 .debug_frame   0x00000434       0xc0 standby_tmr.o
 .debug_frame   0x000004f4       0x78 standby_twi.o
 .debug_frame   0x0000056c       0x70 standby_usb.o
 .debug_frame   0x000005dc      0x214 dram/dram.o
 .debug_frame   0x000007f0      0x264 dram/dram_init.o
 .debug_frame   0x00000a54       0xc0 ./../pm_debug.o
 .debug_frame   0x00000b14      0x10c ./../mem_serial.o
 .debug_frame   0x00000c20      0x180 ./../mem_printk.o
 .debug_frame   0x00000da0       0x44 ./../mem_divlibc.o
 .debug_frame   0x00000de4       0x74 ./../mem_int.o
 .debug_frame   0x00000e58      0x14c ./../mem_timing.o
