
Allocating common symbols
Common symbol       size              file

cpu_ms_loopcnt      0x4               ./super/super_clock.o
debugger_buffer     0x100             ./../mem_printk.o
saved_context       0xa0              ./../mem_cpu.o

Memory Configuration

Name             Origin             Length             Attributes
*default*        0x00000000         0xffffffff

Linker script and memory map

                0x00000000                __suspend_start = .

.text           0x00000000     0x7164
 ./super/suspend/suspend.o(.text.startup)
 *(.text)
 .text          0x00000000      0x450 ./super/suspend/suspend.o
                0x00000000                main
 .text          0x00000450       0x78 ./super/common.o
                0x00000450                mem_memcpy
 .text          0x000004c8       0x4c ./super/super_tmr.o
                0x000004c8                mem_tmr_disable_watchdog
 .text          0x00000514      0x490 ./super/super_clock.o
                0x00000514                mem_clk_plldisable
                0x000005a0                mem_clk_pllenable
                0x0000062c                mem_clk_setdiv
                0x000006e8                mem_clk_getdiv
                0x000007a4                mem_clk_set_pll_factor
                0x00000854                mem_clk_get_pll_factor
                0x000008f4                mem_clk_dramgating
                0x0000094c                mem_clk_dramgating_nommu
 .text          0x000009a4     0x1170 ./super/super_twi.o
                0x00000b24                mem_twi_init
                0x00000c20                mem_twi_exit
                0x00000e04                setup_twi_env
                0x00000e8c                twi_byte_rw
                0x00001570                twi_byte_rw_nommu
 .text          0x00001b14       0x28 ./../mem_delay.o
                0x00001b14                mem_delay
 .text          0x00001b3c      0xca8 ./super/super_power.o
                0x00001c20                mem_set_voltage
                0x00001e90                mem_get_voltage
                0x00001f9c                mem_power_init
                0x00002350                mem_power_exit
                0x00002614                mem_power_off
                0x000026fc                mem_power_off_nommu
 .text          0x000027e4      0x744 ./dram/dram.o
                0x000027e4                mctl_precharge_all
                0x00002850                DRAMC_enter_selfrefresh
                0x00002934                mctl_mode_exit
                0x000029a0                DRAMC_exit_selfrefresh
                0x00002a6c                DRAMC_enter_power_down
                0x00002ad8                DRAMC_exit_power_down
                0x00002ae8                DRAMC_hostport_on_off
                0x00002b74                DRAMC_hostport_check_ahb_fifo_status
                0x00002bc8                DRAMC_hostport_setup
                0x00002ca0                mctl_ahb_reset
                0x00002dbc                dram_power_save_process
                0x00002e60                dram_enter_selfrefresh
                0x00002e70                dram_exit_selfrefresh
                0x00002e80                dram_enter_power_down
                0x00002e90                dram_exit_power_down
                0x00002ea0                dram_hostport_on_off
                0x00002ec8                dram_hostport_check_ahb_fifo_status
                0x00002ef0                dram_hostport_setup
 .text          0x00002f28     0x12a8 ./dram/dram_init.o
                0x00002f28                mctl_ddr3_reset
                0x00002f9c                mctl_set_drive
                0x00003008                mctl_itm_disable
                0x00003060                mctl_itm_enable
                0x000030ac                mctl_enable_dll0
                0x00003168                mctl_enable_dllx
                0x0000336c                mctl_disable_dll
                0x0000349c                mctl_configure_hostport
                0x0000358c                mctl_setup_dram_clock
                0x00003700                DRAMC_init
                0x00003dd4                DRAMC_scan_readpipe
                0x00003e90                DRAMC_clock_output_en
                0x00003ef4                DRAMC_set_autorefresh_cycle
                0x00003f74                DRAMC_get_dram_size
                0x00004094                dram_init
                0x000040b0                save_mem_status
                0x000040cc                init_DRAM
                0x00004130                dram_exit
                0x0000414c                dram_get_size
                0x00004164                dram_set_clock
                0x00004188                dram_set_drive
                0x00004198                dram_set_autorefresh_cycle
                0x000041b8                dram_scan_readpipe
 .text          0x000041d0      0x54c ./../mem_cpu.o
                0x000041d0                __save_processor_state
                0x00004378                __restore_processor_state
                0x000044bc                disable_cache_invalidate
                0x0000450c                set_copro_default
                0x00004694                save_processor_state
                0x000046ac                restore_processor_state
                0x000046c4                restore_processor_ttbr0
                0x000046e8                set_ttbr0
 *fill*         0x0000471c        0x4 00
 .text          0x00004720      0x140 ./../mem_mmu_pc.o
                0x00004720                save_mmu_state
                0x000047a8                restore_mmu_state
 .text          0x00004860      0x460 ./../mem_mmu_pc_asm.o
                0x00004860                save_sp
                0x0000486c                save_sp_nommu
                0x00004878                restore_sp
                0x00004880                get_sp
                0x00004890                invalidate_dcache
                0x00004924                invalidate_icache
                0x0000493c                flush_dcache
                0x000049d8                flush_icache
                0x000049fc                disable_cache
                0x00004a1c                disable_dcache
                0x00004a38                disable_icache
                0x00004a54                disable_l2cache
                0x00004a70                enable_cache
                0x00004a90                enable_icache
                0x00004aac                invalidate_branch_predictor
                0x00004ac4                disable_program_flow_prediction
                0x00004ae0                enable_program_flow_prediction
                0x00004afc                mem_flush_tlb
                0x00004b20                mem_preload_tlb
                0x00004bac                disable_mmu
                0x00004bd4                enable_mmu
                0x00004c14                jump_to_suspend
                0x00004c30                jump_to_resume
                0x00004c50                jump_to_resume0
                0x00004c60                mem_preload_tlb_nommu
 .text          0x00004cc0      0x4a8 ./../mem_serial.o
                0x00004cc0                serial_init_nommu
                0x00004da8                serial_puts_nommu
                0x00004dcc                serial_gets_nommu
                0x00004e50                serial_init
                0x0000507c                serial_puts
                0x000050e4                serial_gets
 .text          0x00005168      0xfbc ./../mem_printk.o
                0x00005168                strlen
                0x000051bc                strcpy
                0x00005238                strncpy
                0x000052c0                strcat
                0x0000535c                strncat
                0x00005430                strcmp
                0x000054d0                strncmp
                0x00005620                itoa
                0x000057e0                utoa
                0x00005954                printk
                0x00005cf8                print_align
                0x00005d80                printk_nommu
 .text          0x00006124      0x1a8 ./../mem_divlib.o
                0x00006124                Ldiv0
                0x00006134                __aeabi_uidiv
                0x000061d0                __aeabi_idiv
                0x0000629c                __aeabi_uidivmod
                0x000062b4                __aeabi_idivmod
 .text          0x000062cc       0xfc ./../mem_divlibc.o
                0x000062cc                __div0
                0x000062e4                raw_lib_udiv
 .text          0x000063c8      0x2d8 ./../mem_int.o
                0x000063c8                mem_int_init
                0x000064b8                mem_int_exit
                0x00006570                mem_enable_int
                0x00006604                mem_query_int
 .text          0x000066a0      0x328 ./../pm_debug.o
                0x000066a0                busy_waiting
                0x000066d0                fake_busy_waiting
                0x00006700                standby_dram_crc
                0x00006894                io_init
                0x000068bc                io_init_high
                0x00006900                io_init_low
                0x00006944                io_high
 .text          0x000069c8      0x5a8 ./../mem_timing.o
                0x000069c8                init_perfcounters
                0x00006a58                backup_perfcounter
                0x00006a8c                restore_perfcounter
                0x00006ac0                get_cyclecount
                0x00006ae8                reset_counter
                0x00006b24                change_runtime_env
                0x00006cb8                delay_us
                0x00006d90                delay_ms
                0x00006e44                init_event_counter
                0x00006ed4                set_event_counter
                0x00006f18                get_event_counter
 *(.rodata)
 .rodata        0x00006f70       0xdc ./super/suspend/suspend.o
 .rodata        0x0000704c       0x6c ./super/super_twi.o
 .rodata        0x000070b8       0x14 ./super/super_power.o
 .rodata        0x000070cc       0x28 ./../mem_printk.o
 .rodata        0x000070f4       0x1c ./../mem_divlibc.o
 .rodata        0x00007110       0x1c ./../mem_int.o
 .rodata        0x0000712c       0x38 ./../pm_debug.o

.glue_7         0x00007164        0x0
 .glue_7        0x00000000        0x0 linker stubs

.glue_7t        0x00007164        0x0
 .glue_7t       0x00000000        0x0 linker stubs

.vfp11_veneer   0x00007164        0x0
 .vfp11_veneer  0x00000000        0x0 linker stubs

.v4_bx          0x00007164        0x0
 .v4_bx         0x00000000        0x0 linker stubs

.iplt           0x00007164        0x0
 .iplt          0x00000000        0x0 ./super/suspend/suspend.o

.rel.dyn        0x00007164        0x0
 .rel.iplt      0x00000000        0x0 ./super/suspend/suspend.o

.data           0x00007164      0x218
 *(.data)
 .data          0x00007164        0x4 ./super/suspend/suspend.o
 .data          0x00007168        0x0 ./super/common.o
 .data          0x00007168        0x0 ./super/super_tmr.o
 .data          0x00007168        0x0 ./super/super_clock.o
 .data          0x00007168        0xc ./super/super_twi.o
 .data          0x00007174        0x0 ./../mem_delay.o
 .data          0x00007174       0xe8 ./super/super_power.o
 .data          0x0000725c        0x0 ./dram/dram.o
 .data          0x0000725c       0x80 ./dram/dram_init.o
                0x0000725c                hpcr_value
 .data          0x000072dc       0xa0 ./../mem_cpu.o
 .data          0x0000737c        0x0 ./../mem_mmu_pc.o
 .data          0x0000737c        0x0 ./../mem_mmu_pc_asm.o
 .data          0x0000737c        0x0 ./../mem_serial.o
 .data          0x0000737c        0x0 ./../mem_printk.o
 .data          0x0000737c        0x0 ./../mem_divlib.o
 .data          0x0000737c        0x0 ./../mem_divlibc.o
 .data          0x0000737c        0x0 ./../mem_int.o
 .data          0x0000737c        0x0 ./../pm_debug.o
 .data          0x0000737c        0x0 ./../mem_timing.o
                0x0000737c                __bss_start = .

.igot.plt       0x0000737c        0x0
 .igot.plt      0x00000000        0x0 ./super/suspend/suspend.o

.bss            0x0000737c      0x2ac
 *(.sbss)
 *(.scommon)
 *(.bss)
 .bss           0x0000737c       0xe8 ./super/suspend/suspend.o
 .bss           0x00007464        0x0 ./super/common.o
 .bss           0x00007464        0x0 ./super/super_tmr.o
 .bss           0x00007464        0x0 ./super/super_clock.o
 .bss           0x00007464        0xc ./super/super_twi.o
 .bss           0x00007470        0x0 ./../mem_delay.o
 .bss           0x00007470        0x0 ./super/super_power.o
 .bss           0x00007470        0x0 ./dram/dram.o
 .bss           0x00007470        0x0 ./dram/dram_init.o
 .bss           0x00007470        0x0 ./../mem_cpu.o
 .bss           0x00007470        0x0 ./../mem_mmu_pc.o
 .bss           0x00007470        0x0 ./../mem_mmu_pc_asm.o
 .bss           0x00007470        0x0 ./../mem_serial.o
 .bss           0x00007470        0x0 ./../mem_printk.o
 .bss           0x00007470        0x0 ./../mem_divlib.o
 .bss           0x00007470        0x0 ./../mem_divlibc.o
 .bss           0x00007470        0x0 ./../mem_int.o
 .bss           0x00007470        0x4 ./../pm_debug.o
                0x00007470                print_flag
 .bss           0x00007474       0x10 ./../mem_timing.o
 *(COMMON)
 COMMON         0x00007484        0x4 ./super/super_clock.o
                0x00007484                cpu_ms_loopcnt
 COMMON         0x00007488       0xa0 ./../mem_cpu.o
                0x00007488                saved_context
 COMMON         0x00007528      0x100 ./../mem_printk.o
                0x00007528                debugger_buffer
                0x00007628                __bss_end = .
                0x00007628                __suspend_end = .
LOAD ./super/common.o
LOAD ./super/super_tmr.o
LOAD ./super/super_clock.o
LOAD ./super/super_twi.o
LOAD ./../mem_delay.o
LOAD ./super/super_power.o
LOAD ./super/suspend/suspend.o
LOAD ./dram/dram.o
LOAD ./dram/dram_init.o
LOAD ./../mem_cpu.o
LOAD ./../mem_mmu_pc.o
LOAD ./../mem_mmu_pc_asm.o
LOAD ./../mem_serial.o
LOAD ./../mem_printk.o
LOAD ./../mem_divlib.o
LOAD ./../mem_divlibc.o
LOAD ./../mem_int.o
LOAD ./../pm_debug.o
LOAD ./../mem_timing.o
OUTPUT(suspend.elf elf32-littlearm)

.debug_info     0x00000000     0xa001
 .debug_info    0x00000000      0x527 ./super/suspend/suspend.o
 .debug_info    0x00000527       0xcb ./super/common.o
 .debug_info    0x000005f2      0x2b9 ./super/super_tmr.o
 .debug_info    0x000008ab     0x2614 ./super/super_clock.o
 .debug_info    0x00002ebf     0x26c3 ./super/super_twi.o
 .debug_info    0x00005582       0x7d ./../mem_delay.o
 .debug_info    0x000055ff      0x3aa ./super/super_power.o
 .debug_info    0x000059a9      0x4a7 ./dram/dram.o
 .debug_info    0x00005e50      0x674 ./dram/dram_init.o
 .debug_info    0x000064c4      0x3e8 ./../mem_cpu.o
 .debug_info    0x000068ac      0x145 ./../mem_mmu_pc.o
 .debug_info    0x000069f1       0x82 ./../mem_mmu_pc_asm.o
 .debug_info    0x00006a73      0x2ab ./../mem_serial.o
 .debug_info    0x00006d1e      0x630 ./../mem_printk.o
 .debug_info    0x0000734e       0x7e ./../mem_divlib.o
 .debug_info    0x000073cc       0xe9 ./../mem_divlibc.o
 .debug_info    0x000074b5      0x253 ./../mem_int.o
 .debug_info    0x00007708      0x1e0 ./../pm_debug.o
 .debug_info    0x000078e8     0x2719 ./../mem_timing.o

.debug_abbrev   0x00000000     0x125c
 .debug_abbrev  0x00000000      0x15b ./super/suspend/suspend.o
 .debug_abbrev  0x0000015b       0x7e ./super/common.o
 .debug_abbrev  0x000001d9       0x9b ./super/super_tmr.o
 .debug_abbrev  0x00000274      0x158 ./super/super_clock.o
 .debug_abbrev  0x000003cc      0x1fe ./super/super_twi.o
 .debug_abbrev  0x000005ca       0x14 ./../mem_delay.o
 .debug_abbrev  0x000005de      0x13a ./super/super_power.o
 .debug_abbrev  0x00000718      0x186 ./dram/dram.o
 .debug_abbrev  0x0000089e      0x187 ./dram/dram_init.o
 .debug_abbrev  0x00000a25      0x10c ./../mem_cpu.o
 .debug_abbrev  0x00000b31       0xa8 ./../mem_mmu_pc.o
 .debug_abbrev  0x00000bd9       0x14 ./../mem_mmu_pc_asm.o
 .debug_abbrev  0x00000bed      0x112 ./../mem_serial.o
 .debug_abbrev  0x00000cff      0x178 ./../mem_printk.o
 .debug_abbrev  0x00000e77       0x14 ./../mem_divlib.o
 .debug_abbrev  0x00000e8b       0x81 ./../mem_divlibc.o
 .debug_abbrev  0x00000f0c       0xba ./../mem_int.o
 .debug_abbrev  0x00000fc6       0xc0 ./../pm_debug.o
 .debug_abbrev  0x00001086      0x1d6 ./../mem_timing.o

.debug_loc      0x00000000     0x1644
 .debug_loc     0x00000000       0x84 ./super/suspend/suspend.o
 .debug_loc     0x00000084       0x2c ./super/common.o
 .debug_loc     0x000000b0       0x2c ./super/super_tmr.o
 .debug_loc     0x000000dc      0x160 ./super/super_clock.o
 .debug_loc     0x0000023c      0x160 ./super/super_twi.o
 .debug_loc     0x0000039c      0x160 ./super/super_power.o
 .debug_loc     0x000004fc      0x344 ./dram/dram.o
 .debug_loc     0x00000840      0x3f4 ./dram/dram_init.o
 .debug_loc     0x00000c34      0x160 ./../mem_cpu.o
 .debug_loc     0x00000d94       0x58 ./../mem_mmu_pc.o
 .debug_loc     0x00000dec      0x1b8 ./../mem_serial.o
 .debug_loc     0x00000fa4      0x254 ./../mem_printk.o
 .debug_loc     0x000011f8       0x58 ./../mem_divlibc.o
 .debug_loc     0x00001250       0xb0 ./../mem_int.o
 .debug_loc     0x00001300      0x134 ./../pm_debug.o
 .debug_loc     0x00001434      0x210 ./../mem_timing.o

.debug_aranges  0x00000000      0x260
 .debug_aranges
                0x00000000       0x20 ./super/suspend/suspend.o
 .debug_aranges
                0x00000020       0x20 ./super/common.o
 .debug_aranges
                0x00000040       0x20 ./super/super_tmr.o
 .debug_aranges
                0x00000060       0x20 ./super/super_clock.o
 .debug_aranges
                0x00000080       0x20 ./super/super_twi.o
 .debug_aranges
                0x000000a0       0x20 ./../mem_delay.o
 .debug_aranges
                0x000000c0       0x20 ./super/super_power.o
 .debug_aranges
                0x000000e0       0x20 ./dram/dram.o
 .debug_aranges
                0x00000100       0x20 ./dram/dram_init.o
 .debug_aranges
                0x00000120       0x20 ./../mem_cpu.o
 .debug_aranges
                0x00000140       0x20 ./../mem_mmu_pc.o
 .debug_aranges
                0x00000160       0x20 ./../mem_mmu_pc_asm.o
 .debug_aranges
                0x00000180       0x20 ./../mem_serial.o
 .debug_aranges
                0x000001a0       0x20 ./../mem_printk.o
 .debug_aranges
                0x000001c0       0x20 ./../mem_divlib.o
 .debug_aranges
                0x000001e0       0x20 ./../mem_divlibc.o
 .debug_aranges
                0x00000200       0x20 ./../mem_int.o
 .debug_aranges
                0x00000220       0x20 ./../pm_debug.o
 .debug_aranges
                0x00000240       0x20 ./../mem_timing.o

.debug_ranges   0x00000000       0x18
 .debug_ranges  0x00000000       0x18 ./super/suspend/suspend.o

.debug_line     0x00000000     0x14b6
 .debug_line    0x00000000      0x103 ./super/suspend/suspend.o
 .debug_line    0x00000103       0x56 ./super/common.o
 .debug_line    0x00000159       0x70 ./super/super_tmr.o
 .debug_line    0x000001c9      0x110 ./super/super_clock.o
 .debug_line    0x000002d9      0x2c0 ./super/super_twi.o
 .debug_line    0x00000599       0x49 ./../mem_delay.o
 .debug_line    0x000005e2      0x167 ./super/super_power.o
 .debug_line    0x00000749      0x12e ./dram/dram.o
 .debug_line    0x00000877      0x244 ./dram/dram_init.o
 .debug_line    0x00000abb       0xec ./../mem_cpu.o
 .debug_line    0x00000ba7       0x7a ./../mem_mmu_pc.o
 .debug_line    0x00000c21      0x15e ./../mem_mmu_pc_asm.o
 .debug_line    0x00000d7f       0xe7 ./../mem_serial.o
 .debug_line    0x00000e66      0x29f ./../mem_printk.o
 .debug_line    0x00001105       0x81 ./../mem_divlib.o
 .debug_line    0x00001186       0x69 ./../mem_divlibc.o
 .debug_line    0x000011ef       0xd2 ./../mem_int.o
 .debug_line    0x000012c1       0xb0 ./../pm_debug.o
 .debug_line    0x00001371      0x145 ./../mem_timing.o

.debug_str      0x00000000     0x246c
 .debug_str     0x00000000      0x40d ./super/suspend/suspend.o
                                0x44a (size before relaxing)
 .debug_str     0x0000040d       0x2c ./super/common.o
                                0x107 (size before relaxing)
 .debug_str     0x00000439      0x186 ./super/super_tmr.o
                                0x25d (size before relaxing)
 .debug_str     0x000005bf     0x1066 ./super/super_clock.o
                               0x1266 (size before relaxing)
 .debug_str     0x00001625      0x186 ./super/super_twi.o
                               0x12dc (size before relaxing)
 .debug_str     0x000017ab      0x172 ./super/super_power.o
                                0x28d (size before relaxing)
 .debug_str     0x0000191d      0x1f0 ./dram/dram.o
                                0x323 (size before relaxing)
 .debug_str     0x00001b0d      0x1fa ./dram/dram_init.o
                                0x427 (size before relaxing)
 .debug_str     0x00001d07      0x14d ./../mem_cpu.o
                                0x283 (size before relaxing)
 .debug_str     0x00001e54       0x33 ./../mem_mmu_pc.o
                                0x151 (size before relaxing)
 .debug_str     0x00001e87       0xc3 ./../mem_serial.o
                                0x1b1 (size before relaxing)
 .debug_str     0x00001f4a       0xf0 ./../mem_printk.o
                                0x1f2 (size before relaxing)
 .debug_str     0x0000203a       0x48 ./../mem_divlibc.o
                                0x12b (size before relaxing)
 .debug_str     0x00002082      0x187 ./../mem_int.o
                                0x264 (size before relaxing)
 .debug_str     0x00002209       0x82 ./../pm_debug.o
                                0x170 (size before relaxing)
 .debug_str     0x0000228b      0x1e1 ./../mem_timing.o
                               0x1342 (size before relaxing)

.comment        0x00000000       0x64
 .comment       0x00000000       0x64 ./super/suspend/suspend.o
                                 0x65 (size before relaxing)
 .comment       0x00000000       0x65 ./super/common.o
 .comment       0x00000000       0x65 ./super/super_tmr.o
 .comment       0x00000000       0x65 ./super/super_clock.o
 .comment       0x00000000       0x65 ./super/super_twi.o
 .comment       0x00000000       0x65 ./super/super_power.o
 .comment       0x00000000       0x65 ./dram/dram.o
 .comment       0x00000000       0x65 ./dram/dram_init.o
 .comment       0x00000000       0x65 ./../mem_cpu.o
 .comment       0x00000000       0x65 ./../mem_mmu_pc.o
 .comment       0x00000000       0x65 ./../mem_serial.o
 .comment       0x00000000       0x65 ./../mem_printk.o
 .comment       0x00000000       0x65 ./../mem_divlibc.o
 .comment       0x00000000       0x65 ./../mem_int.o
 .comment       0x00000000       0x65 ./../pm_debug.o
 .comment       0x00000000       0x65 ./../mem_timing.o

.note.GNU-stack
                0x00000000        0x0
 .note.GNU-stack
                0x00000000        0x0 ./super/suspend/suspend.o
 .note.GNU-stack
                0x00000000        0x0 ./super/common.o
 .note.GNU-stack
                0x00000000        0x0 ./super/super_tmr.o
 .note.GNU-stack
                0x00000000        0x0 ./super/super_clock.o
 .note.GNU-stack
                0x00000000        0x0 ./super/super_twi.o
 .note.GNU-stack
                0x00000000        0x0 ./super/super_power.o
 .note.GNU-stack
                0x00000000        0x0 ./dram/dram.o
 .note.GNU-stack
                0x00000000        0x0 ./dram/dram_init.o
 .note.GNU-stack
                0x00000000        0x0 ./../mem_cpu.o
 .note.GNU-stack
                0x00000000        0x0 ./../mem_mmu_pc.o
 .note.GNU-stack
                0x00000000        0x0 ./../mem_serial.o
 .note.GNU-stack
                0x00000000        0x0 ./../mem_printk.o
 .note.GNU-stack
                0x00000000        0x0 ./../mem_divlibc.o
 .note.GNU-stack
                0x00000000        0x0 ./../mem_int.o
 .note.GNU-stack
                0x00000000        0x0 ./../pm_debug.o
 .note.GNU-stack
                0x00000000        0x0 ./../mem_timing.o

.ARM.attributes
                0x00000000       0x33
 .ARM.attributes
                0x00000000       0x35 ./super/suspend/suspend.o
 .ARM.attributes
                0x00000035       0x35 ./super/common.o
 .ARM.attributes
                0x0000006a       0x35 ./super/super_tmr.o
 .ARM.attributes
                0x0000009f       0x35 ./super/super_clock.o
 .ARM.attributes
                0x000000d4       0x35 ./super/super_twi.o
 .ARM.attributes
                0x00000109       0x21 ./../mem_delay.o
 .ARM.attributes
                0x0000012a       0x35 ./super/super_power.o
 .ARM.attributes
                0x0000015f       0x35 ./dram/dram.o
 .ARM.attributes
                0x00000194       0x35 ./dram/dram_init.o
 .ARM.attributes
                0x000001c9       0x35 ./../mem_cpu.o
 .ARM.attributes
                0x000001fe       0x35 ./../mem_mmu_pc.o
 .ARM.attributes
                0x00000233       0x21 ./../mem_mmu_pc_asm.o
 .ARM.attributes
                0x00000254       0x35 ./../mem_serial.o
 .ARM.attributes
                0x00000289       0x35 ./../mem_printk.o
 .ARM.attributes
                0x000002be       0x21 ./../mem_divlib.o
 .ARM.attributes
                0x000002df       0x35 ./../mem_divlibc.o
 .ARM.attributes
                0x00000314       0x35 ./../mem_int.o
 .ARM.attributes
                0x00000349       0x35 ./../pm_debug.o
 .ARM.attributes
                0x0000037e       0x35 ./../mem_timing.o

.debug_frame    0x00000000      0xe2c
 .debug_frame   0x00000000       0x64 ./super/suspend/suspend.o
 .debug_frame   0x00000064       0x28 ./super/common.o
 .debug_frame   0x0000008c       0x28 ./super/super_tmr.o
 .debug_frame   0x000000b4       0xd0 ./super/super_clock.o
 .debug_frame   0x00000184       0xdc ./super/super_twi.o
 .debug_frame   0x00000260       0xe8 ./super/super_power.o
 .debug_frame   0x00000348      0x214 ./dram/dram.o
 .debug_frame   0x0000055c      0x264 ./dram/dram_init.o
 .debug_frame   0x000007c0       0xdc ./../mem_cpu.o
 .debug_frame   0x0000089c       0x40 ./../mem_mmu_pc.o
 .debug_frame   0x000008dc      0x10c ./../mem_serial.o
 .debug_frame   0x000009e8      0x180 ./../mem_printk.o
 .debug_frame   0x00000b68       0x44 ./../mem_divlibc.o
 .debug_frame   0x00000bac       0x74 ./../mem_int.o
 .debug_frame   0x00000c20       0xc0 ./../pm_debug.o
 .debug_frame   0x00000ce0      0x14c ./../mem_timing.o
